MO dmem NULL dmem.v vlg5F/dmem.bin 1483683263
MO regfile NULL registerfile.v vlg72/regfile.bin 1483683263
MO top_MIPS NULL top_mips.v vlg07/top___m_i_p_s.bin 1483683263
MO imem NULL imem.v vlg50/imem.bin 1483683263
MO pc NULL pc.v vlg13/pc.bin 1483683263
MO mux NULL Mux21.v vlg66/mux.bin 1483683263
MO ALU NULL ALU.v vlg2A/_a_l_u.bin 1483683263
MO controller NULL controller.v vlg54/controller.bin 1483683263
MO signextend NULL sign_extend.v vlg0D/signextend.bin 1483683263
